10-demicube column sweep R=2
  vertices=512 edges=11520 columns=15,625
  adjacency 5,000/15,625 elapsed=4.8s
  adjacency 10,000/15,625 elapsed=9.7s
  adjacency 15,000/15,625 elapsed=14.7s
  adjacency built in 17.7s; degree min/median/mean/max=0/8/14.07/733
  HIT 1 N65_70803b0e81bb N=65 edges=604 colors={'B': 120, 'G': 192, 'Y': 292}
  dfs elapsed=48s depth=7 leaf=9,308,006 gram=26 rank=26 hits=1
  HIT 2 N15_c942daa3d3e6 N=15 edges=74 colors={'B': 18, 'G': 24, 'Y': 32}
  dfs elapsed=78s depth=9 leaf=18,342,882 gram=60 rank=60 hits=2
  dfs elapsed=108s depth=9 leaf=27,444,218 gram=60 rank=60 hits=2
  dfs elapsed=138s depth=8 leaf=36,280,818 gram=60 rank=60 hits=2
  HIT 3 N45_cf9fa116183a N=45 edges=289 colors={'B': 103, 'G': 90, 'Y': 96}
  dfs elapsed=168s depth=8 leaf=45,337,237 gram=72 rank=72 hits=3
  HIT 4 N144_802c56a23746 N=144 edges=1904 colors={'B': 432, 'G': 288, 'Y': 384}
  HIT 5 N12_b8465a3cae71 N=12 edges=46 colors={'B': 18, 'G': 12, 'Y': 16}
  dfs elapsed=198s depth=9 leaf=54,396,311 gram=126 rank=126 hits=5
  dfs elapsed=228s depth=9 leaf=63,551,839 gram=126 rank=126 hits=5
  dfs elapsed=258s depth=9 leaf=72,413,784 gram=126 rank=126 hits=5
  dfs elapsed=288s depth=9 leaf=80,808,518 gram=170 rank=170 hits=5
  dfs elapsed=318s depth=9 leaf=89,859,621 gram=190 rank=190 hits=5
  dfs elapsed=348s depth=9 leaf=98,962,923 gram=190 rank=190 hits=5
  dfs elapsed=378s depth=9 leaf=107,156,706 gram=190 rank=190 hits=5
  dfs elapsed=408s depth=9 leaf=115,596,244 gram=190 rank=190 hits=5
  HIT 6 N64_a164fc062a25 N=64 edges=456 colors={}
  HIT 7 N27_df24cf6db7b0 N=27 edges=153 colors={}
  HIT 8 N8_99aeec21b429 N=8 edges=24 colors={}
  HIT 9 N64_b99e2197ded6 N=64 edges=672 colors={'B': 96}
  dfs elapsed=438s depth=9 leaf=123,185,696 gram=349 rank=349 hits=9
  dfs elapsed=468s depth=9 leaf=132,480,075 gram=374 rank=374 hits=9
  dfs elapsed=498s depth=9 leaf=141,445,781 gram=428 rank=428 hits=9
  dfs elapsed=528s depth=9 leaf=150,610,380 gram=428 rank=428 hits=9
  dfs elapsed=558s depth=9 leaf=159,057,071 gram=428 rank=428 hits=9
  HIT 10 N184_9ebaf03e6587 N=184 edges=2760 colors={'B': 384}
  HIT 11 N161_6aa2a941b5cb N=161 edges=2635 colors={'B': 240, 'G': 48, 'Y': 176}
  dfs elapsed=588s depth=9 leaf=165,220,596 gram=751 rank=751 hits=11
  dfs elapsed=618s depth=9 leaf=167,602,234 gram=1,715 rank=1,715 hits=11
  HIT 12 N364_8b6b7008722e N=364 edges=9270 colors={'B': 1182, 'G': 672}
  HIT 13 N64_55599fa54698 N=64 edges=672 colors={'B': 96}
  dfs elapsed=648s depth=9 leaf=168,828,406 gram=2,674 rank=2,674 hits=13
  dfs elapsed=678s depth=9 leaf=170,601,682 gram=3,703 rank=3,703 hits=13
  dfs elapsed=708s depth=9 leaf=172,590,035 gram=4,750 rank=4,750 hits=13
  dfs elapsed=738s depth=9 leaf=177,500,125 gram=5,398 rank=5,398 hits=13
  dfs elapsed=768s depth=9 leaf=186,263,013 gram=5,484 rank=5,484 hits=13
  dfs elapsed=798s depth=9 leaf=194,840,894 gram=5,484 rank=5,484 hits=13
  dfs elapsed=828s depth=8 leaf=203,504,892 gram=5,484 rank=5,484 hits=13
  dfs elapsed=858s depth=9 leaf=212,117,178 gram=5,484 rank=5,484 hits=13
  dfs elapsed=888s depth=9 leaf=215,794,153 gram=6,364 rank=6,364 hits=13
  dfs elapsed=918s depth=9 leaf=217,627,141 gram=7,389 rank=7,389 hits=13
  dfs elapsed=948s depth=8 leaf=219,501,815 gram=8,462 rank=8,462 hits=13
  dfs elapsed=978s depth=9 leaf=225,066,694 gram=8,994 rank=8,994 hits=13
  dfs elapsed=1008s depth=9 leaf=234,315,383 gram=8,999 rank=8,999 hits=13
  dfs elapsed=1038s depth=9 leaf=242,661,484 gram=8,999 rank=8,999 hits=13
  dfs elapsed=1068s depth=8 leaf=251,751,885 gram=8,999 rank=8,999 hits=13
  dfs elapsed=1098s depth=9 leaf=260,143,585 gram=9,026 rank=9,026 hits=13
  dfs elapsed=1128s depth=9 leaf=267,816,661 gram=9,199 rank=9,199 hits=13
  dfs elapsed=1158s depth=9 leaf=277,021,008 gram=9,201 rank=9,201 hits=13
  dfs elapsed=1188s depth=8 leaf=286,172,918 gram=9,205 rank=9,205 hits=13
  dfs elapsed=1218s depth=8 leaf=295,127,113 gram=9,205 rank=9,205 hits=13
  dfs elapsed=1248s depth=8 leaf=303,638,437 gram=9,205 rank=9,205 hits=13
  dfs elapsed=1278s depth=7 leaf=312,049,594 gram=9,207 rank=9,207 hits=13
  dfs elapsed=1308s depth=9 leaf=321,259,795 gram=9,212 rank=9,212 hits=13
  dfs elapsed=1338s depth=9 leaf=330,047,528 gram=9,212 rank=9,212 hits=13
  dfs elapsed=1368s depth=9 leaf=338,932,391 gram=9,212 rank=9,212 hits=13
  dfs elapsed=1398s depth=9 leaf=347,399,048 gram=9,256 rank=9,256 hits=13
  dfs elapsed=1428s depth=7 leaf=356,613,777 gram=9,257 rank=9,257 hits=13
  dfs elapsed=1458s depth=9 leaf=365,746,492 gram=9,257 rank=9,257 hits=13
  dfs elapsed=1488s depth=9 leaf=374,344,073 gram=9,257 rank=9,257 hits=13
  dfs elapsed=1518s depth=9 leaf=382,868,089 gram=9,257 rank=9,257 hits=13
  dfs elapsed=1548s depth=8 leaf=391,738,064 gram=9,319 rank=9,319 hits=13
  dfs elapsed=1578s depth=9 leaf=400,694,663 gram=9,319 rank=9,319 hits=13
  dfs elapsed=1608s depth=9 leaf=409,380,907 gram=9,319 rank=9,319 hits=13
  dfs elapsed=1638s depth=9 leaf=418,348,252 gram=9,331 rank=9,331 hits=13
  dfs elapsed=1668s depth=9 leaf=427,263,755 gram=9,385 rank=9,385 hits=13
  dfs elapsed=1698s depth=9 leaf=435,636,710 gram=9,385 rank=9,385 hits=13
  dfs elapsed=1728s depth=9 leaf=443,958,153 gram=9,437 rank=9,437 hits=13
  dfs elapsed=1758s depth=8 leaf=452,812,177 gram=9,449 rank=9,449 hits=13
  dfs elapsed=1788s depth=9 leaf=461,607,231 gram=9,449 rank=9,449 hits=13
  dfs elapsed=1818s depth=6 leaf=468,908,783 gram=9,667 rank=9,667 hits=13
  dfs elapsed=1848s depth=7 leaf=477,751,609 gram=9,709 rank=9,709 hits=13
  dfs elapsed=1878s depth=7 leaf=486,730,038 gram=9,763 rank=9,763 hits=13
  dfs elapsed=1908s depth=8 leaf=495,717,876 gram=9,763 rank=9,763 hits=13
  dfs elapsed=1938s depth=8 leaf=503,710,521 gram=9,841 rank=9,841 hits=13
  dfs elapsed=1968s depth=9 leaf=512,411,537 gram=9,927 rank=9,927 hits=13
  dfs elapsed=1998s depth=8 leaf=521,406,821 gram=9,927 rank=9,927 hits=13
  dfs elapsed=2028s depth=9 leaf=529,681,510 gram=10,017 rank=10,017 hits=13
  dfs elapsed=2058s depth=9 leaf=538,970,358 gram=10,022 rank=10,022 hits=13
  dfs elapsed=2088s depth=9 leaf=548,082,697 gram=10,022 rank=10,022 hits=13
  dfs elapsed=2118s depth=8 leaf=556,625,180 gram=10,049 rank=10,049 hits=13
  dfs elapsed=2148s depth=9 leaf=564,041,592 gram=10,300 rank=10,300 hits=13
  dfs elapsed=2178s depth=9 leaf=572,825,541 gram=10,304 rank=10,304 hits=13
  dfs elapsed=2208s depth=9 leaf=581,439,379 gram=10,304 rank=10,304 hits=13
  dfs elapsed=2238s depth=9 leaf=589,636,399 gram=10,306 rank=10,306 hits=13
  dfs elapsed=2268s depth=9 leaf=598,558,371 gram=10,311 rank=10,311 hits=13
  dfs elapsed=2298s depth=9 leaf=607,293,419 gram=10,311 rank=10,311 hits=13
  dfs elapsed=2328s depth=9 leaf=615,770,187 gram=10,311 rank=10,311 hits=13
  dfs elapsed=2358s depth=9 leaf=624,168,594 gram=10,355 rank=10,355 hits=13
  dfs elapsed=2388s depth=9 leaf=632,882,433 gram=10,356 rank=10,356 hits=13
  dfs elapsed=2418s depth=9 leaf=641,354,496 gram=10,356 rank=10,356 hits=13
  dfs elapsed=2448s depth=9 leaf=647,881,638 gram=10,637 rank=10,637 hits=13
  dfs elapsed=2478s depth=8 leaf=650,204,224 gram=11,531 rank=11,531 hits=13
  dfs elapsed=2508s depth=9 leaf=654,047,608 gram=12,250 rank=12,250 hits=13
  dfs elapsed=2538s depth=8 leaf=659,892,773 gram=12,784 rank=12,784 hits=13
  dfs elapsed=2568s depth=9 leaf=661,409,740 gram=13,828 rank=13,828 hits=13
  dfs elapsed=2598s depth=9 leaf=663,050,019 gram=14,776 rank=14,776 hits=13
  dfs elapsed=2628s depth=8 leaf=664,878,745 gram=15,750 rank=15,750 hits=13
  dfs elapsed=2658s depth=8 leaf=672,658,542 gram=15,917 rank=15,917 hits=13
  dfs elapsed=2688s depth=9 leaf=677,865,403 gram=16,460 rank=16,460 hits=13
  dfs elapsed=2718s depth=9 leaf=684,857,050 gram=16,720 rank=16,720 hits=13
  dfs elapsed=2748s depth=7 leaf=693,208,268 gram=16,810 rank=16,810 hits=13
  dfs elapsed=2778s depth=9 leaf=701,773,670 gram=16,834 rank=16,834 hits=13
  dfs elapsed=2808s depth=8 leaf=708,065,461 gram=17,246 rank=17,246 hits=13
  dfs elapsed=2838s depth=9 leaf=713,295,286 gram=17,806 rank=17,806 hits=13
  dfs elapsed=2868s depth=7 leaf=715,217,406 gram=18,797 rank=18,797 hits=13
  dfs elapsed=2898s depth=8 leaf=722,936,685 gram=18,963 rank=18,963 hits=13
  dfs elapsed=2928s depth=9 leaf=728,269,696 gram=19,468 rank=19,468 hits=13
  dfs elapsed=2958s depth=9 leaf=734,650,549 gram=19,750 rank=19,750 hits=13
  dfs elapsed=2988s depth=9 leaf=742,733,309 gram=19,956 rank=19,956 hits=13
  dfs elapsed=3018s depth=9 leaf=751,291,173 gram=20,057 rank=20,057 hits=13
  dfs elapsed=3048s depth=8 leaf=759,607,059 gram=20,110 rank=20,110 hits=13
  dfs elapsed=3078s depth=9 leaf=768,092,069 gram=20,212 rank=20,212 hits=13
  dfs elapsed=3108s depth=9 leaf=776,458,113 gram=20,334 rank=20,334 hits=13
  dfs elapsed=3138s depth=9 leaf=784,446,783 gram=20,448 rank=20,448 hits=13
  dfs elapsed=3169s depth=6 leaf=793,244,866 gram=20,464 rank=20,464 hits=13
  dfs elapsed=3199s depth=6 leaf=802,125,200 gram=20,487 rank=20,487 hits=13
  dfs elapsed=3229s depth=8 leaf=810,372,485 gram=20,544 rank=20,544 hits=13
  dfs elapsed=3259s depth=8 leaf=817,174,391 gram=20,867 rank=20,867 hits=13
  dfs elapsed=3289s depth=8 leaf=822,974,624 gram=21,347 rank=21,347 hits=13
  dfs elapsed=3319s depth=7 leaf=828,267,049 gram=21,800 rank=21,800 hits=13
  dfs elapsed=3349s depth=6 leaf=834,570,900 gram=22,173 rank=22,173 hits=13
  dfs elapsed=3379s depth=7 leaf=841,556,383 gram=22,423 rank=22,423 hits=13
  dfs elapsed=3409s depth=6 leaf=850,545,300 gram=22,428 rank=22,428 hits=13
  dfs elapsed=3439s depth=8 leaf=859,254,796 gram=22,452 rank=22,452 hits=13
  dfs elapsed=3469s depth=9 leaf=867,065,386 gram=22,617 rank=22,617 hits=13
  dfs elapsed=3499s depth=8 leaf=873,511,025 gram=22,890 rank=22,890 hits=13
  dfs elapsed=3529s depth=9 leaf=879,639,098 gram=23,299 rank=23,299 hits=13
  dfs elapsed=3559s depth=9 leaf=885,931,540 gram=23,648 rank=23,648 hits=13
  dfs elapsed=3589s depth=8 leaf=888,678,447 gram=24,593 rank=24,593 hits=13
  dfs elapsed=3619s depth=9 leaf=896,980,378 gram=24,705 rank=24,705 hits=13
  dfs elapsed=3649s depth=7 leaf=905,560,284 gram=24,717 rank=24,717 hits=13
  dfs elapsed=3679s depth=9 leaf=914,188,998 gram=24,771 rank=24,771 hits=13
  dfs elapsed=3709s depth=9 leaf=922,418,073 gram=24,823 rank=24,823 hits=13
  dfs elapsed=3739s depth=9 leaf=931,003,511 gram=24,835 rank=24,835 hits=13
  dfs elapsed=3769s depth=9 leaf=936,091,837 gram=25,494 rank=25,494 hits=13
  dfs elapsed=3799s depth=9 leaf=938,356,168 gram=26,501 rank=26,501 hits=13
  dfs elapsed=3829s depth=8 leaf=940,246,809 gram=27,484 rank=27,484 hits=13
  dfs elapsed=3859s depth=9 leaf=941,808,871 gram=28,552 rank=28,552 hits=13
  dfs elapsed=3889s depth=9 leaf=943,893,082 gram=29,581 rank=29,581 hits=13
  dfs elapsed=3919s depth=9 leaf=950,248,453 gram=30,028 rank=30,028 hits=13
  dfs elapsed=3949s depth=8 leaf=958,893,534 gram=30,077 rank=30,077 hits=13
  dfs elapsed=3979s depth=9 leaf=966,268,230 gram=30,162 rank=30,162 hits=13
  dfs elapsed=4009s depth=9 leaf=974,702,441 gram=30,273 rank=30,273 hits=13
  dfs elapsed=4039s depth=7 leaf=982,764,001 gram=30,363 rank=30,363 hits=13
  dfs elapsed=4069s depth=9 leaf=991,467,657 gram=30,384 rank=30,384 hits=13
  dfs elapsed=4099s depth=9 leaf=999,395,124 gram=30,503 rank=30,503 hits=13
  dfs elapsed=4129s depth=8 leaf=1,002,662,462 gram=31,504 rank=31,504 hits=13
  dfs elapsed=4159s depth=9 leaf=1,004,305,003 gram=32,577 rank=32,577 hits=13
  dfs elapsed=4189s depth=9 leaf=1,006,096,739 gram=33,659 rank=33,659 hits=13
  dfs elapsed=4219s depth=9 leaf=1,011,920,598 gram=34,134 rank=34,134 hits=13
  dfs elapsed=4249s depth=9 leaf=1,020,224,099 gram=34,138 rank=34,138 hits=13
  dfs elapsed=4279s depth=7 leaf=1,028,635,369 gram=34,145 rank=34,145 hits=13
  dfs elapsed=4309s depth=7 leaf=1,036,791,599 gram=34,172 rank=34,172 hits=13
  dfs elapsed=4339s depth=9 leaf=1,045,220,693 gram=34,190 rank=34,190 hits=13
  dfs elapsed=4369s depth=9 leaf=1,053,187,705 gram=34,258 rank=34,258 hits=13
  dfs elapsed=4399s depth=9 leaf=1,061,149,710 gram=34,292 rank=34,292 hits=13
  dfs elapsed=4429s depth=9 leaf=1,069,477,671 gram=34,331 rank=34,331 hits=13
  dfs elapsed=4459s depth=9 leaf=1,077,807,423 gram=34,368 rank=34,368 hits=13
  dfs elapsed=4489s depth=9 leaf=1,083,629,037 gram=34,800 rank=34,800 hits=13
  dfs elapsed=4519s depth=9 leaf=1,089,060,299 gram=35,320 rank=35,320 hits=13
  dfs elapsed=4549s depth=7 leaf=1,097,426,082 gram=35,359 rank=35,359 hits=13
  dfs elapsed=4579s depth=9 leaf=1,105,827,902 gram=35,454 rank=35,454 hits=13
  dfs elapsed=4609s depth=9 leaf=1,114,257,671 gram=35,513 rank=35,513 hits=13
  dfs elapsed=4639s depth=8 leaf=1,121,373,037 gram=35,731 rank=35,731 hits=13
  dfs elapsed=4669s depth=6 leaf=1,127,406,144 gram=36,071 rank=36,071 hits=13
  dfs elapsed=4699s depth=8 leaf=1,135,359,511 gram=36,078 rank=36,078 hits=13
  dfs elapsed=4729s depth=9 leaf=1,143,543,973 gram=36,095 rank=36,095 hits=13
  dfs elapsed=4759s depth=9 leaf=1,152,013,027 gram=36,096 rank=36,096 hits=13
  dfs elapsed=4789s depth=8 leaf=1,160,053,751 gram=36,200 rank=36,200 hits=13
  dfs elapsed=4819s depth=9 leaf=1,168,075,030 gram=36,308 rank=36,308 hits=13
  dfs elapsed=4849s depth=9 leaf=1,176,239,265 gram=36,346 rank=36,346 hits=13
  dfs elapsed=4879s depth=9 leaf=1,182,373,958 gram=36,800 rank=36,800 hits=13
  dfs elapsed=4909s depth=9 leaf=1,189,300,612 gram=37,118 rank=37,118 hits=13
  dfs elapsed=4939s depth=9 leaf=1,191,486,449 gram=38,172 rank=38,172 hits=13
  dfs elapsed=4969s depth=9 leaf=1,193,057,015 gram=39,197 rank=39,197 hits=13
  dfs elapsed=4999s depth=9 leaf=1,194,890,995 gram=40,238 rank=40,238 hits=13
  dfs elapsed=5029s depth=8 leaf=1,196,830,816 gram=41,297 rank=41,297 hits=13
  dfs elapsed=5059s depth=9 leaf=1,202,348,579 gram=41,874 rank=41,874 hits=13
  dfs elapsed=5089s depth=9 leaf=1,207,213,239 gram=42,569 rank=42,569 hits=13
  dfs elapsed=5119s depth=9 leaf=1,208,964,765 gram=43,679 rank=43,679 hits=13
  dfs elapsed=5149s depth=8 leaf=1,211,163,814 gram=44,681 rank=44,681 hits=13
  dfs elapsed=5179s depth=9 leaf=1,215,744,456 gram=45,359 rank=45,359 hits=13
  dfs elapsed=5209s depth=9 leaf=1,222,465,441 gram=45,753 rank=45,753 hits=13
  dfs elapsed=5239s depth=9 leaf=1,230,550,893 gram=45,775 rank=45,775 hits=13
  dfs elapsed=5269s depth=8 leaf=1,238,806,921 gram=45,826 rank=45,826 hits=13
  dfs elapsed=5299s depth=8 leaf=1,246,282,471 gram=45,840 rank=45,840 hits=13
  dfs elapsed=5329s depth=9 leaf=1,250,592,697 gram=46,583 rank=46,583 hits=13
  dfs elapsed=5359s depth=9 leaf=1,254,003,817 gram=47,403 rank=47,403 hits=13
  dfs elapsed=5389s depth=9 leaf=1,260,589,825 gram=47,726 rank=47,726 hits=13
  dfs elapsed=5419s depth=7 leaf=1,266,454,883 gram=48,179 rank=48,179 hits=13
  dfs elapsed=5449s depth=6 leaf=1,271,344,361 gram=48,743 rank=48,743 hits=13
  dfs elapsed=5479s depth=8 leaf=1,276,273,986 gram=49,555 rank=49,555 hits=13
  dfs elapsed=5509s depth=9 leaf=1,284,229,681 gram=49,671 rank=49,671 hits=13
  dfs elapsed=5539s depth=9 leaf=1,287,997,368 gram=50,601 rank=50,601 hits=13
  dfs elapsed=5569s depth=9 leaf=1,289,720,439 gram=51,601 rank=51,601 hits=13
  dfs elapsed=5599s depth=9 leaf=1,291,714,946 gram=52,566 rank=52,566 hits=13
  dfs elapsed=5629s depth=9 leaf=1,293,381,088 gram=53,695 rank=53,695 hits=13
  dfs elapsed=5659s depth=9 leaf=1,296,483,469 gram=54,617 rank=54,617 hits=13
  dfs elapsed=5689s depth=9 leaf=1,302,749,198 gram=55,066 rank=55,066 hits=13
  dfs elapsed=5719s depth=9 leaf=1,305,195,363 gram=56,120 rank=56,120 hits=13
  dfs elapsed=5749s depth=9 leaf=1,306,798,239 gram=57,239 rank=57,239 hits=13
  dfs elapsed=5779s depth=9 leaf=1,309,367,805 gram=58,237 rank=58,237 hits=13
  dfs elapsed=5809s depth=9 leaf=1,317,242,136 gram=58,302 rank=58,302 hits=13
  dfs elapsed=5839s depth=8 leaf=1,322,997,930 gram=58,866 rank=58,866 hits=13
  dfs elapsed=5869s depth=9 leaf=1,328,959,836 gram=59,232 rank=59,232 hits=13
  dfs elapsed=5899s depth=9 leaf=1,336,434,122 gram=59,349 rank=59,349 hits=13
  dfs elapsed=5929s depth=9 leaf=1,341,582,291 gram=59,921 rank=59,921 hits=13
  dfs elapsed=5959s depth=9 leaf=1,345,449,997 gram=60,691 rank=60,691 hits=13
  dfs elapsed=5989s depth=9 leaf=1,348,937,782 gram=61,587 rank=61,587 hits=13
  dfs elapsed=6019s depth=9 leaf=1,352,283,894 gram=62,580 rank=62,580 hits=13
  dfs elapsed=6049s depth=9 leaf=1,353,481,546 gram=63,581 rank=63,581 hits=13
  dfs elapsed=6080s depth=9 leaf=1,355,202,724 gram=64,566 rank=64,566 hits=13
  dfs elapsed=6110s depth=8 leaf=1,357,966,055 gram=65,478 rank=65,478 hits=13
  dfs elapsed=6140s depth=9 leaf=1,361,572,614 gram=66,273 rank=66,273 hits=13
  dfs elapsed=6170s depth=8 leaf=1,369,000,722 gram=66,485 rank=66,485 hits=13
  dfs elapsed=6200s depth=8 leaf=1,372,154,909 gram=67,335 rank=67,335 hits=13
  dfs elapsed=6230s depth=8 leaf=1,374,057,711 gram=68,318 rank=68,318 hits=13
  dfs elapsed=6260s depth=8 leaf=1,377,747,246 gram=69,109 rank=69,109 hits=13
  dfs elapsed=6290s depth=7 leaf=1,382,595,630 gram=69,822 rank=69,822 hits=13
  dfs elapsed=6320s depth=9 leaf=1,385,163,006 gram=70,742 rank=70,742 hits=13
  dfs elapsed=6350s depth=8 leaf=1,390,959,875 gram=71,220 rank=71,220 hits=13
  dfs elapsed=6380s depth=8 leaf=1,397,907,977 gram=71,521 rank=71,521 hits=13
  dfs elapsed=6410s depth=8 leaf=1,404,974,324 gram=71,707 rank=71,707 hits=13
  dfs elapsed=6440s depth=9 leaf=1,407,764,146 gram=72,510 rank=72,510 hits=13
  dfs elapsed=6470s depth=9 leaf=1,412,192,222 gram=73,290 rank=73,290 hits=13
  dfs elapsed=6500s depth=8 leaf=1,415,351,020 gram=74,166 rank=74,166 hits=13
  dfs elapsed=6530s depth=8 leaf=1,419,625,915 gram=74,834 rank=74,834 hits=13
  dfs elapsed=6560s depth=9 leaf=1,426,548,999 gram=75,071 rank=75,071 hits=13
  dfs elapsed=6590s depth=8 leaf=1,430,200,323 gram=75,824 rank=75,824 hits=13
  dfs elapsed=6620s depth=9 leaf=1,433,560,015 gram=76,674 rank=76,674 hits=13
  dfs elapsed=6650s depth=9 leaf=1,437,487,935 gram=77,424 rank=77,424 hits=13
  dfs elapsed=6680s depth=9 leaf=1,442,245,196 gram=78,029 rank=78,029 hits=13
  dfs elapsed=6710s depth=9 leaf=1,447,778,178 gram=78,488 rank=78,488 hits=13
  dfs elapsed=6740s depth=9 leaf=1,450,555,739 gram=79,392 rank=79,392 hits=13
  dfs elapsed=6770s depth=7 leaf=1,457,222,783 gram=79,637 rank=79,637 hits=13
  dfs elapsed=6800s depth=7 leaf=1,462,132,937 gram=80,236 rank=80,236 hits=13
  dfs elapsed=6830s depth=8 leaf=1,468,511,929 gram=80,453 rank=80,453 hits=13
  dfs elapsed=6860s depth=8 leaf=1,474,904,041 gram=80,767 rank=80,767 hits=13
  dfs elapsed=6890s depth=8 leaf=1,481,752,239 gram=81,020 rank=81,020 hits=13
  dfs elapsed=6920s depth=9 leaf=1,485,910,911 gram=81,686 rank=81,686 hits=13
  dfs elapsed=6950s depth=9 leaf=1,490,532,818 gram=82,235 rank=82,235 hits=13
  dfs elapsed=6980s depth=8 leaf=1,495,877,151 gram=82,733 rank=82,733 hits=13
  dfs elapsed=7010s depth=9 leaf=1,501,072,752 gram=83,181 rank=83,181 hits=13
  dfs elapsed=7040s depth=7 leaf=1,505,300,049 gram=83,906 rank=83,906 hits=13
  dfs elapsed=7070s depth=8 leaf=1,509,555,306 gram=84,612 rank=84,612 hits=13
  dfs elapsed=7100s depth=9 leaf=1,513,933,566 gram=85,188 rank=85,188 hits=13
  dfs elapsed=7130s depth=9 leaf=1,519,090,912 gram=85,716 rank=85,716 hits=13
  dfs elapsed=7160s depth=9 leaf=1,526,221,515 gram=86,081 rank=86,081 hits=13
  dfs elapsed=7190s depth=9 leaf=1,537,223,977 gram=86,088 rank=86,088 hits=13
  dfs elapsed=7220s depth=9 leaf=1,548,042,657 gram=86,088 rank=86,088 hits=13
  dfs elapsed=7250s depth=8 leaf=1,558,584,733 gram=86,088 rank=86,088 hits=13
  dfs elapsed=7280s depth=9 leaf=1,568,710,388 gram=86,101 rank=86,101 hits=13
  dfs elapsed=7310s depth=8 leaf=1,578,748,920 gram=86,113 rank=86,113 hits=13
  dfs elapsed=7340s depth=8 leaf=1,589,615,874 gram=86,113 rank=86,113 hits=13
  dfs elapsed=7370s depth=9 leaf=1,600,194,832 gram=86,113 rank=86,113 hits=13
  dfs elapsed=7400s depth=8 leaf=1,610,096,119 gram=86,128 rank=86,128 hits=13
  dfs elapsed=7430s depth=9 leaf=1,620,588,836 gram=86,129 rank=86,129 hits=13
  dfs elapsed=7460s depth=8 leaf=1,631,385,835 gram=86,129 rank=86,129 hits=13
  dfs elapsed=7490s depth=9 leaf=1,642,003,944 gram=86,129 rank=86,129 hits=13
  dfs elapsed=7520s depth=9 leaf=1,652,439,260 gram=86,136 rank=86,136 hits=13
  dfs elapsed=7550s depth=8 leaf=1,663,297,062 gram=86,143 rank=86,143 hits=13
  dfs elapsed=7580s depth=8 leaf=1,673,370,061 gram=86,143 rank=86,143 hits=13
  dfs elapsed=7610s depth=9 leaf=1,683,735,883 gram=86,156 rank=86,156 hits=13
  dfs elapsed=7640s depth=9 leaf=1,694,550,697 gram=86,168 rank=86,168 hits=13
  dfs elapsed=7670s depth=9 leaf=1,705,065,822 gram=86,168 rank=86,168 hits=13
  dfs elapsed=7700s depth=9 leaf=1,715,434,598 gram=86,183 rank=86,183 hits=13
  dfs elapsed=7730s depth=9 leaf=1,726,215,490 gram=86,184 rank=86,184 hits=13
  dfs elapsed=7760s depth=9 leaf=1,736,645,564 gram=86,184 rank=86,184 hits=13
  dfs elapsed=7790s depth=6 leaf=1,746,533,089 gram=86,257 rank=86,257 hits=13
  dfs elapsed=7820s depth=9 leaf=1,757,099,052 gram=86,259 rank=86,259 hits=13
  dfs elapsed=7850s depth=8 leaf=1,767,204,897 gram=86,283 rank=86,283 hits=13
  dfs elapsed=7880s depth=9 leaf=1,777,848,985 gram=86,289 rank=86,289 hits=13
  dfs elapsed=7910s depth=8 leaf=1,788,044,107 gram=86,308 rank=86,308 hits=13
  dfs elapsed=7940s depth=9 leaf=1,798,713,363 gram=86,311 rank=86,311 hits=13
  dfs elapsed=7970s depth=9 leaf=1,808,600,845 gram=86,357 rank=86,357 hits=13
  dfs elapsed=8000s depth=9 leaf=1,818,282,673 gram=86,364 rank=86,364 hits=13
  dfs elapsed=8030s depth=9 leaf=1,827,902,993 gram=86,444 rank=86,444 hits=13
  dfs elapsed=8060s depth=9 leaf=1,837,745,423 gram=86,497 rank=86,497 hits=13
  dfs elapsed=8090s depth=9 leaf=1,848,007,606 gram=86,498 rank=86,498 hits=13
  dfs elapsed=8120s depth=8 leaf=1,858,291,314 gram=86,512 rank=86,512 hits=13
  dfs elapsed=8150s depth=9 leaf=1,867,996,028 gram=86,589 rank=86,589 hits=13
  dfs elapsed=8180s depth=9 leaf=1,877,817,591 gram=86,640 rank=86,640 hits=13
  dfs elapsed=8210s depth=9 leaf=1,887,757,644 gram=86,660 rank=86,660 hits=13
  dfs elapsed=8240s depth=9 leaf=1,897,556,641 gram=86,694 rank=86,694 hits=13
  dfs elapsed=8270s depth=8 leaf=1,907,180,499 gram=86,712 rank=86,712 hits=13
  dfs elapsed=8300s depth=9 leaf=1,915,756,243 gram=86,757 rank=86,757 hits=13
  dfs elapsed=8330s depth=9 leaf=1,924,485,341 gram=86,844 rank=86,844 hits=13
  dfs elapsed=8360s depth=9 leaf=1,933,205,912 gram=86,937 rank=86,937 hits=13
  dfs elapsed=8390s depth=8 leaf=1,941,511,888 gram=87,106 rank=87,106 hits=13
  dfs elapsed=8420s depth=5 leaf=1,949,416,974 gram=87,303 rank=87,303 hits=13
  dfs elapsed=8450s depth=9 leaf=1,960,063,034 gram=87,351 rank=87,351 hits=13
  dfs elapsed=8480s depth=9 leaf=1,970,664,219 gram=87,356 rank=87,356 hits=13
  dfs elapsed=8510s depth=8 leaf=1,981,557,842 gram=87,356 rank=87,356 hits=13
  dfs elapsed=8540s depth=7 leaf=1,992,028,990 gram=87,365 rank=87,365 hits=13
  dfs elapsed=8570s depth=9 leaf=2,003,009,937 gram=87,370 rank=87,370 hits=13
  dfs elapsed=8600s depth=9 leaf=2,013,805,800 gram=87,370 rank=87,370 hits=13
  dfs elapsed=8630s depth=9 leaf=2,024,549,458 gram=87,385 rank=87,385 hits=13
  dfs elapsed=8660s depth=9 leaf=2,035,291,490 gram=87,385 rank=87,385 hits=13
  dfs elapsed=8690s depth=8 leaf=2,045,734,241 gram=87,400 rank=87,400 hits=13
  dfs elapsed=8720s depth=9 leaf=2,055,956,803 gram=87,414 rank=87,414 hits=13
  dfs elapsed=8750s depth=9 leaf=2,066,168,128 gram=87,428 rank=87,428 hits=13
  dfs elapsed=8780s depth=9 leaf=2,076,015,050 gram=87,459 rank=87,459 hits=13
  dfs elapsed=8810s depth=9 leaf=2,082,950,874 gram=87,895 rank=87,895 hits=13
  dfs elapsed=8840s depth=8 leaf=2,088,960,850 gram=88,073 rank=88,073 hits=13
{
  "status": "complete",
  "elapsed_s": 8858.895181417465,
  "stats": {
    "leaf": 2092743206,
    "gram_hits": 88092,
    "rank_hits": 88092
  },
  "hit_count": 13,
  "out_file": "C:\\Users\\nanma\\Documents\\vZome\\zomeable-4polytopes\\ongoing_work\\gosset_1_71\\column_sweep_10_demicube_R2.json"
}
